// Jest Snapshot v1, https://goo.gl/fbAQLP

exports[`<App /> should render and match the snapshot 1`] = `
<Context.Provider
  value={
    StyletronClient {
      "container": <head>
        <style
          data-styled="active"
          data-styled-version="5.3.5"
        />
      </head>,
      "fontFaceCache": Cache {
        "cache": Object {},
        "idGenerator": SequentialIDGenerator {
          "count": 0,
          "msb": 1295,
          "offset": 374,
          "power": 2,
          "prefix": "",
        },
        "onNewValue": [Function],
      },
      "keyframesCache": Cache {
        "cache": Object {},
        "idGenerator": SequentialIDGenerator {
          "count": 0,
          "msb": 1295,
          "offset": 374,
          "power": 2,
          "prefix": "",
        },
        "onNewValue": [Function],
      },
      "styleCache": MultiCache {
        "caches": Object {},
        "idGenerator": SequentialIDGenerator {
          "count": 0,
          "msb": 1295,
          "offset": 374,
          "power": 2,
          "prefix": "",
        },
        "onNewCache": [Function],
        "onNewValue": [Function],
        "sortedCacheKeys": Array [],
      },
      "styleElements": Object {},
    }
  }
>
  <ThemeProvider
    theme={
      Object {
        "animation": Object {
          "easeInCurve": "cubic-bezier(.8, .2, .6, 1)",
          "easeInOutCurve": "cubic-bezier(0.4, 0, 0.2, 1)",
          "easeInOutQuinticCurve": "cubic-bezier(0.86, 0, 0.07, 1)",
          "easeInQuinticCurve": "cubic-bezier(0.755, 0.05, 0.855, 0.06)",
          "easeOutCurve": "cubic-bezier(.2, .8, .4, 1)",
          "easeOutQuinticCurve": "cubic-bezier(0.23, 1, 0.32, 1)",
          "linearCurve": "cubic-bezier(0, 0, 1, 1)",
          "timing100": "100ms",
          "timing1000": "1000ms",
          "timing200": "200ms",
          "timing300": "300ms",
          "timing400": "400ms",
          "timing500": "500ms",
          "timing600": "600ms",
          "timing700": "700ms",
          "timing800": "800ms",
          "timing900": "900ms",
        },
        "borders": Object {
          "border100": Object {
            "borderColor": "hsla(0, 0%, 0%, 0.04)",
            "borderStyle": "solid",
            "borderWidth": "1px",
          },
          "border200": Object {
            "borderColor": "hsla(0, 0%, 0%, 0.08)",
            "borderStyle": "solid",
            "borderWidth": "1px",
          },
          "border300": Object {
            "borderColor": "hsla(0, 0%, 0%, 0.12)",
            "borderStyle": "solid",
            "borderWidth": "1px",
          },
          "border400": Object {
            "borderColor": "hsla(0, 0%, 0%, 0.16)",
            "borderStyle": "solid",
            "borderWidth": "1px",
          },
          "border500": Object {
            "borderColor": "hsla(0, 0%, 0%, 0.2)",
            "borderStyle": "solid",
            "borderWidth": "1px",
          },
          "border600": Object {
            "borderColor": "hsla(0, 0%, 0%, 0.24)",
            "borderStyle": "solid",
            "borderWidth": "1px",
          },
          "buttonBorderRadius": "8px",
          "buttonBorderRadiusMini": "4px",
          "checkboxBorderRadius": "0px",
          "inputBorderRadius": "8px",
          "inputBorderRadiusMini": "4px",
          "popoverBorderRadius": "8px",
          "radius100": "2px",
          "radius200": "4px",
          "radius300": "8px",
          "radius400": "12px",
          "radius500": "16px",
          "surfaceBorderRadius": "0px",
          "tagBorderRadius": "24px",
          "useRoundedCorners": true,
        },
        "breakpoints": Object {
          "large": 1136,
          "medium": 600,
          "small": 320,
        },
        "colors": Object {
          "accent": "#276EF1",
          "accent100": "#D4E2FC",
          "accent200": "#A0BFF8",
          "accent300": "#5B91F5",
          "accent400": "#276EF1",
          "accent50": "#EFF3FE",
          "accent500": "#1E54B7",
          "accent600": "#174291",
          "accent700": "#102C60",
          "backgroundAccent": "#276EF1",
          "backgroundAccentLight": "#EFF3FE",
          "backgroundAlwaysDark": "#000000",
          "backgroundAlwaysLight": "#FFFFFF",
          "backgroundInversePrimary": "#000000",
          "backgroundInverseSecondary": "#1F1F1F",
          "backgroundNegative": "#E11900",
          "backgroundNegativeLight": "#FFEFED",
          "backgroundOverlayArt": "rgba(0, 0, 0, 0.00)",
          "backgroundOverlayDark": "rgba(0, 0, 0, 0.3)",
          "backgroundOverlayLight": "rgba(0, 0, 0, 0.08)",
          "backgroundPositive": "#048848",
          "backgroundPositiveLight": "#E6F2ED",
          "backgroundPrimary": "#FFFFFF",
          "backgroundSecondary": "#F6F6F6",
          "backgroundStateDisabled": "#F6F6F6",
          "backgroundTertiary": "#EEEEEE",
          "backgroundWarning": "#FFC043",
          "backgroundWarningLight": "#FFFAF0",
          "bannerActionHighInfo": "#1E54B7",
          "bannerActionHighNegative": "#AB1300",
          "bannerActionHighPositive": "#03703C",
          "bannerActionHighWarning": "#FFE3AC",
          "bannerActionLowInfo": "#D4E2FC",
          "bannerActionLowNegative": "#FED7D2",
          "bannerActionLowPositive": "#ADDEC9",
          "bannerActionLowWarning": "#FFE3AC",
          "black": "#000000",
          "borderAccent": "#276EF1",
          "borderAccentLight": "#A0BFF8",
          "borderInverseOpaque": "#333333",
          "borderInverseSelected": "#FFFFFF",
          "borderInverseTransparent": "rgba(255, 255, 255, 0.2)",
          "borderNegative": "#F1998E",
          "borderNegativeLight": "#F1998E",
          "borderOpaque": "#E2E2E2",
          "borderPositive": "#66D19E",
          "borderPositiveLight": "#66D19E",
          "borderSelected": "#000000",
          "borderStateDisabled": "#F6F6F6",
          "borderTransparent": "rgba(0, 0, 0, 0.08)",
          "borderWarning": "#FFE3AC",
          "borderWarningLight": "#FFE3AC",
          "breadcrumbsSeparatorFill": "#6B6B6B",
          "breadcrumbsText": "#000000",
          "buttonDisabledActiveFill": "#6B6B6B",
          "buttonDisabledActiveText": "#FFFFFF",
          "buttonDisabledFill": "#F6F6F6",
          "buttonDisabledSpinnerBackground": "#E2E2E2",
          "buttonDisabledSpinnerForeground": "#AFAFAF",
          "buttonDisabledText": "#AFAFAF",
          "buttonPrimaryActive": "#545454",
          "buttonPrimaryFill": "#000000",
          "buttonPrimaryHover": "#333333",
          "buttonPrimarySelectedFill": "#545454",
          "buttonPrimarySelectedText": "#FFFFFF",
          "buttonPrimarySpinnerBackground": "#FFFFFF",
          "buttonPrimarySpinnerForeground": "#276EF1",
          "buttonPrimaryText": "#FFFFFF",
          "buttonSecondaryActive": "#CBCBCB",
          "buttonSecondaryFill": "#EEEEEE",
          "buttonSecondaryHover": "#E2E2E2",
          "buttonSecondarySelectedFill": "#CBCBCB",
          "buttonSecondarySelectedText": "#000000",
          "buttonSecondarySpinnerBackground": "#FFFFFF",
          "buttonSecondarySpinnerForeground": "#276EF1",
          "buttonSecondaryText": "#000000",
          "buttonTertiaryActive": "#EEEEEE",
          "buttonTertiaryDisabledActiveFill": "#F6F6F6",
          "buttonTertiaryDisabledActiveText": "#AFAFAF",
          "buttonTertiaryFill": "transparent",
          "buttonTertiaryHover": "#F6F6F6",
          "buttonTertiarySelectedFill": "#EEEEEE",
          "buttonTertiarySelectedText": "#000000",
          "buttonTertiarySpinnerBackground": "#EEEEEE",
          "buttonTertiarySpinnerForeground": "#276EF1",
          "buttonTertiaryText": "#000000",
          "calendarBackground": "#FFFFFF",
          "calendarDayBackgroundPseudoSelectedHighlighted": "#E2E2E2",
          "calendarDayBackgroundSelected": "#000000",
          "calendarDayBackgroundSelectedHighlighted": "#000000",
          "calendarDayForegroundPseudoSelected": "#000000",
          "calendarDayForegroundPseudoSelectedHighlighted": "#000000",
          "calendarDayForegroundSelected": "#FFFFFF",
          "calendarDayForegroundSelectedHighlighted": "#FFFFFF",
          "calendarForeground": "#000000",
          "calendarForegroundDisabled": "#CBCBCB",
          "calendarHeaderBackground": "#FFFFFF",
          "calendarHeaderBackgroundActive": "#333333",
          "calendarHeaderForeground": "#000000",
          "calendarHeaderForegroundDisabled": "#6B6B6B",
          "comboboxListItemFocus": "#F6F6F6",
          "comboboxListItemHover": "#EEEEEE",
          "contentAccent": "#276EF1",
          "contentInversePrimary": "#FFFFFF",
          "contentInverseSecondary": "#CBCBCB",
          "contentInverseTertiary": "#AFAFAF",
          "contentNegative": "#E11900",
          "contentOnColor": "#FFFFFF",
          "contentOnColorInverse": "#000000",
          "contentPositive": "#048848",
          "contentPrimary": "#000000",
          "contentSecondary": "#545454",
          "contentStateDisabled": "#AFAFAF",
          "contentTertiary": "#6B6B6B",
          "contentWarning": "#996F00",
          "eatsGreen400": "#048848",
          "fileUploaderBackgroundColor": "#F6F6F6",
          "fileUploaderBackgroundColorActive": "#F6F6F6",
          "fileUploaderBorderColorActive": "#000000",
          "fileUploaderBorderColorDefault": "#CBCBCB",
          "fileUploaderMessageColor": "#545454",
          "freightBlue400": "#0E1FC1",
          "inputBorder": "#EEEEEE",
          "inputBorderError": "#F1998E",
          "inputBorderPositive": "#66D19E",
          "inputEnhancerFill": "#EEEEEE",
          "inputEnhancerFillDisabled": "#EEEEEE",
          "inputEnhancerTextDisabled": "#AFAFAF",
          "inputFill": "#EEEEEE",
          "inputFillActive": "#F6F6F6",
          "inputFillDisabled": "#F6F6F6",
          "inputFillError": "#FFEFED",
          "inputFillPositive": "#E6F2ED",
          "inputPlaceholder": "#6B6B6B",
          "inputPlaceholderDisabled": "#AFAFAF",
          "inputTextDisabled": "#AFAFAF",
          "jumpRed400": "#E11900",
          "linkActive": "#6B6B6B",
          "linkHover": "#545454",
          "linkText": "#000000",
          "linkVisited": "#333333",
          "listBodyFill": "#FFFFFF",
          "listHeaderFill": "#FFFFFF",
          "membership": "#996F00",
          "menuFill": "#FFFFFF",
          "menuFillHover": "#F6F6F6",
          "menuFontDefault": "#545454",
          "menuFontDisabled": "#CBCBCB",
          "menuFontHighlighted": "#000000",
          "menuFontSelected": "#000000",
          "modalCloseColor": "#000000",
          "modalCloseColorFocus": "#545454",
          "modalCloseColorHover": "#545454",
          "mono100": "#FFFFFF",
          "mono1000": "#000000",
          "mono200": "#F6F6F6",
          "mono300": "#EEEEEE",
          "mono400": "#E2E2E2",
          "mono500": "#CBCBCB",
          "mono600": "#AFAFAF",
          "mono700": "#6B6B6B",
          "mono800": "#545454",
          "mono900": "#333333",
          "negative": "#E11900",
          "negative100": "#FED7D2",
          "negative200": "#F1998E",
          "negative300": "#E85C4A",
          "negative400": "#E11900",
          "negative50": "#FFEFED",
          "negative500": "#AB1300",
          "negative600": "#870F00",
          "negative700": "#5A0A00",
          "notificationInfoBackground": "#EFF3FE",
          "notificationInfoText": "#000000",
          "notificationNegativeBackground": "#FFEFED",
          "notificationNegativeText": "#000000",
          "notificationPositiveBackground": "#E6F2ED",
          "notificationPositiveText": "#000000",
          "notificationWarningBackground": "#FFFAF0",
          "notificationWarningText": "#000000",
          "positive": "#03703C",
          "positive100": "#ADDEC9",
          "positive200": "#66D19E",
          "positive300": "#06C167",
          "positive400": "#048848",
          "positive50": "#E6F2ED",
          "positive500": "#03703C",
          "positive600": "#03582F",
          "positive700": "#10462D",
          "primary": "#000000",
          "primary100": "#EEEEEE",
          "primary200": "#E2E2E2",
          "primary300": "#CBCBCB",
          "primary400": "#AFAFAF",
          "primary50": "#F6F6F6",
          "primary500": "#6B6B6B",
          "primary600": "#545454",
          "primary700": "#333333",
          "primaryA": "#000000",
          "primaryB": "#FFFFFF",
          "progressStepsActiveFill": "#000000",
          "progressStepsActiveText": "#FFFFFF",
          "progressStepsCompletedFill": "#000000",
          "progressStepsCompletedText": "#FFFFFF",
          "progressbarTrackFill": "#333333",
          "ratingInactiveFill": "#EEEEEE",
          "ratingStroke": "#CBCBCB",
          "rewardsTier1": "#276EF1",
          "rewardsTier2": "#FFC043",
          "rewardsTier3": "#8EA3AD",
          "rewardsTier4": "#000000",
          "safety": "#276EF1",
          "sliderHandleFill": "#000000",
          "sliderHandleFillDisabled": "#AFAFAF",
          "sliderHandleInnerFill": "#000000",
          "sliderHandleInnerFillDisabled": "#E2E2E2",
          "sliderHandleInnerFillSelectedActive": "#6B6B6B",
          "sliderHandleInnerFillSelectedHover": "#000000",
          "sliderTrackFill": "transparent",
          "sliderTrackFillActive": "#AFAFAF",
          "sliderTrackFillDisabled": "#EEEEEE",
          "sliderTrackFillHover": "#CBCBCB",
          "spinnerTrackFill": "#333333",
          "tabBarFill": "#F6F6F6",
          "tabColor": "#545454",
          "tableBackground": "#FFFFFF",
          "tableFilter": "#AFAFAF",
          "tableFilterBackground": "#FFFFFF",
          "tableFilterFooterBackground": "#F6F6F6",
          "tableFilterHeading": "#6B6B6B",
          "tableHeadBackgroundColor": "#FFFFFF",
          "tableStripedBackground": "#F6F6F6",
          "tagAccentFontDisabled": "#A0BFF8",
          "tagAccentLightActive": "#D4E2FC",
          "tagAccentLightBackground": "#EFF3FE",
          "tagAccentLightDisabled": "#EFF3FE",
          "tagAccentLightFont": "#1E54B7",
          "tagAccentLightFontHover": "#1E54B7",
          "tagAccentLightHover": "#D4E2FC",
          "tagAccentOutlinedActive": "#174291",
          "tagAccentOutlinedBackground": "#A0BFF8",
          "tagAccentOutlinedDisabled": "#A0BFF8",
          "tagAccentOutlinedFont": "#276EF1",
          "tagAccentOutlinedFontHover": "#276EF1",
          "tagAccentOutlinedHover": "rgba(0, 0, 0, 0.08)",
          "tagAccentSolidActive": "#D4E2FC",
          "tagAccentSolidBackground": "#276EF1",
          "tagAccentSolidDisabled": "#EFF3FE",
          "tagAccentSolidFont": "#FFFFFF",
          "tagAccentSolidFontHover": "#1E54B7",
          "tagAccentSolidHover": "#EFF3FE",
          "tagFontDisabledRampUnit": "100",
          "tagLightActiveRampUnit": "100",
          "tagLightFontHoverRampUnit": "500",
          "tagLightFontRampUnit": "500",
          "tagLightHoverRampUnit": "100",
          "tagLightRampUnit": "50",
          "tagNegativeFontDisabled": "#F1998E",
          "tagNegativeLightActive": "#FED7D2",
          "tagNegativeLightBackground": "#FFEFED",
          "tagNegativeLightDisabled": "#FFEFED",
          "tagNegativeLightFont": "#AB1300",
          "tagNegativeLightFontHover": "#AB1300",
          "tagNegativeLightHover": "#FED7D2",
          "tagNegativeOutlinedActive": "#870F00",
          "tagNegativeOutlinedBackground": "#F1998E",
          "tagNegativeOutlinedDisabled": "#F1998E",
          "tagNegativeOutlinedFont": "#E11900",
          "tagNegativeOutlinedFontHover": "#E11900",
          "tagNegativeOutlinedHover": "rgba(0, 0, 0, 0.08)",
          "tagNegativeSolidActive": "#FED7D2",
          "tagNegativeSolidBackground": "#E11900",
          "tagNegativeSolidDisabled": "#FFEFED",
          "tagNegativeSolidFont": "#FFFFFF",
          "tagNegativeSolidFontHover": "#AB1300",
          "tagNegativeSolidHover": "#FFEFED",
          "tagNeutralFontDisabled": "#AFAFAF",
          "tagNeutralLightActive": "#E2E2E2",
          "tagNeutralLightBackground": "#EEEEEE",
          "tagNeutralLightDisabled": "#F6F6F6",
          "tagNeutralLightFont": "#333333",
          "tagNeutralLightFontHover": "#333333",
          "tagNeutralLightHover": "#EEEEEE",
          "tagNeutralOutlinedActive": "#333333",
          "tagNeutralOutlinedBackground": "#AFAFAF",
          "tagNeutralOutlinedDisabled": "#E2E2E2",
          "tagNeutralOutlinedFont": "#000000",
          "tagNeutralOutlinedFontHover": "#545454",
          "tagNeutralOutlinedHover": "rgba(0, 0, 0, 0.08)",
          "tagNeutralSolidActive": "#E2E2E2",
          "tagNeutralSolidBackground": "#000000",
          "tagNeutralSolidDisabled": "#F6F6F6",
          "tagNeutralSolidFont": "#FFFFFF",
          "tagNeutralSolidFontHover": "#333333",
          "tagNeutralSolidHover": "#EEEEEE",
          "tagOutlinedActiveRampUnit": "0",
          "tagOutlinedFontHoverRampUnit": "400",
          "tagOutlinedFontRampUnit": "400",
          "tagOutlinedHoverRampUnit": "50",
          "tagOutlinedRampUnit": "200",
          "tagPositiveFontDisabled": "#66D19E",
          "tagPositiveLightActive": "#ADDEC9",
          "tagPositiveLightBackground": "#E6F2ED",
          "tagPositiveLightDisabled": "#E6F2ED",
          "tagPositiveLightFont": "#03703C",
          "tagPositiveLightFontHover": "#03703C",
          "tagPositiveLightHover": "#ADDEC9",
          "tagPositiveOutlinedActive": "#03582F",
          "tagPositiveOutlinedBackground": "#66D19E",
          "tagPositiveOutlinedDisabled": "#66D19E",
          "tagPositiveOutlinedFont": "#048848",
          "tagPositiveOutlinedFontHover": "#048848",
          "tagPositiveOutlinedHover": "rgba(0, 0, 0, 0.08)",
          "tagPositiveSolidActive": "#ADDEC9",
          "tagPositiveSolidBackground": "#048848",
          "tagPositiveSolidDisabled": "#E6F2ED",
          "tagPositiveSolidFont": "#FFFFFF",
          "tagPositiveSolidFontHover": "#03703C",
          "tagPositiveSolidHover": "#E6F2ED",
          "tagPrimaryFontDisabled": "#AFAFAF",
          "tagPrimaryLightActive": "#EEEEEE",
          "tagPrimaryLightBackground": "#F6F6F6",
          "tagPrimaryLightDisabled": "#F6F6F6",
          "tagPrimaryLightFont": "#6B6B6B",
          "tagPrimaryLightFontHover": "#6B6B6B",
          "tagPrimaryLightHover": "#EEEEEE",
          "tagPrimaryOutlinedActive": "#545454",
          "tagPrimaryOutlinedBackground": "#AFAFAF",
          "tagPrimaryOutlinedDisabled": "#E2E2E2",
          "tagPrimaryOutlinedFont": "#000000",
          "tagPrimaryOutlinedFontHover": "#000000",
          "tagPrimaryOutlinedHover": "rgba(0, 0, 0, 0.08)",
          "tagPrimarySolidActive": "#E2E2E2",
          "tagPrimarySolidBackground": "#000000",
          "tagPrimarySolidDisabled": "#F6F6F6",
          "tagPrimarySolidFont": "#FFFFFF",
          "tagPrimarySolidFontHover": "#333333",
          "tagPrimarySolidHover": "#EEEEEE",
          "tagSolidActiveRampUnit": "100",
          "tagSolidDisabledRampUnit": "50",
          "tagSolidFontHoverRampUnit": "500",
          "tagSolidFontRampUnit": "0",
          "tagSolidHoverRampUnit": "50",
          "tagSolidRampUnit": "400",
          "tagWarningFontDisabled": "#FFCF70",
          "tagWarningLightActive": "#FFF2D9",
          "tagWarningLightBackground": "#FFFAF0",
          "tagWarningLightDisabled": "#FFFAF0",
          "tagWarningLightFont": "#BC8B2C",
          "tagWarningLightFontHover": "#BC8B2C",
          "tagWarningLightHover": "#FFF2D9",
          "tagWarningOutlinedActive": "#996F00",
          "tagWarningOutlinedBackground": "#FFCF70",
          "tagWarningOutlinedDisabled": "#FFCF70",
          "tagWarningOutlinedFont": "#996F00",
          "tagWarningOutlinedFontHover": "#996F00",
          "tagWarningOutlinedHover": "rgba(0, 0, 0, 0.08)",
          "tagWarningSolidActive": "#FFF2D9",
          "tagWarningSolidBackground": "#FFC043",
          "tagWarningSolidDisabled": "#FFFAF0",
          "tagWarningSolidFont": "#674D1B",
          "tagWarningSolidFontHover": "#BC8B2C",
          "tagWarningSolidHover": "#FFFAF0",
          "tickBorder": "#6B6B6B",
          "tickBorderError": "#E11900",
          "tickFill": "#FFFFFF",
          "tickFillActive": "#EEEEEE",
          "tickFillDisabled": "#AFAFAF",
          "tickFillError": "#FFEFED",
          "tickFillErrorHover": "#FED7D2",
          "tickFillErrorHoverActive": "#F1998E",
          "tickFillErrorSelected": "#E11900",
          "tickFillErrorSelectedHover": "#AB1300",
          "tickFillErrorSelectedHoverActive": "#870F00",
          "tickFillHover": "#F6F6F6",
          "tickFillSelected": "#000000",
          "tickFillSelectedHover": "#333333",
          "tickFillSelectedHoverActive": "#545454",
          "tickMarkFill": "#FFFFFF",
          "tickMarkFillDisabled": "#FFFFFF",
          "tickMarkFillError": "#FFFFFF",
          "toastInfoBackground": "#276EF1",
          "toastInfoText": "#FFFFFF",
          "toastNegativeBackground": "#E11900",
          "toastNegativeText": "#FFFFFF",
          "toastPositiveBackground": "#048848",
          "toastPositiveText": "#FFFFFF",
          "toastPrimaryText": "#FFFFFF",
          "toastText": "#FFFFFF",
          "toastWarningBackground": "#FFC043",
          "toastWarningText": "#000000",
          "toggleFill": "#FFFFFF",
          "toggleFillChecked": "#000000",
          "toggleFillDisabled": "#AFAFAF",
          "toggleTrackFill": "#E2E2E2",
          "toggleTrackFillDisabled": "#EEEEEE",
          "tooltipBackground": "#333333",
          "tooltipText": "#FFFFFF",
          "warning": "#FFC043",
          "warning100": "#FFF2D9",
          "warning200": "#FFE3AC",
          "warning300": "#FFCF70",
          "warning400": "#FFC043",
          "warning50": "#FFFAF0",
          "warning500": "#BC8B2C",
          "warning600": "#996F00",
          "warning700": "#674D1B",
          "white": "#FFFFFF",
        },
        "direction": "auto",
        "grid": Object {
          "columns": Array [
            4,
            8,
            12,
          ],
          "gaps": 0,
          "gutters": Array [
            16,
            36,
            36,
          ],
          "margins": Array [
            16,
            36,
            64,
          ],
          "maxWidth": 1280,
          "unit": "px",
        },
        "lighting": Object {
          "deepAbove": "0px -16px 48px rgba(0, 0, 0, 0.22)",
          "deepBelow": "0px 16px 48px rgba(0, 0, 0, 0.22)",
          "overlay0": "inset 0 0 0 1000px hsla(0, 0%, 0%, 0)",
          "overlay100": "inset 0 0 0 1000px hsla(0, 0%, 0%, 0.04)",
          "overlay200": "inset 0 0 0 1000px hsla(0, 0%, 0%, 0.08)",
          "overlay300": "inset 0 0 0 1000px hsla(0, 0%, 0%, 0.12)",
          "overlay400": "inset 0 0 0 1000px hsla(0, 0%, 0%, 0.16)",
          "overlay500": "inset 0 0 0 1000px hsla(0, 0%, 0%, 0.2)",
          "overlay600": "inset 0 0 0 1000px hsla(0, 0%, 0%, 0.24)",
          "shadow400": "0 1px 4px hsla(0, 0%, 0%, 0.16)",
          "shadow500": "0 2px 8px hsla(0, 0%, 0%, 0.16)",
          "shadow600": "0 4px 16px hsla(0, 0%, 0%, 0.16)",
          "shadow700": "0 8px 24px hsla(0, 0%, 0%, 0.16)",
          "shallowAbove": "0px -4px 16px rgba(0, 0, 0, 0.12)",
          "shallowBelow": "0px 4px 16px rgba(0, 0, 0, 0.12)",
        },
        "mediaQuery": Object {
          "large": "@media screen and (min-width: 1136px)",
          "medium": "@media screen and (min-width: 600px)",
          "small": "@media screen and (min-width: 320px)",
        },
        "name": "light-theme",
        "sizing": Object {
          "scale0": "2px",
          "scale100": "4px",
          "scale1000": "40px",
          "scale1200": "48px",
          "scale1400": "56px",
          "scale1600": "64px",
          "scale200": "6px",
          "scale2400": "96px",
          "scale300": "8px",
          "scale3200": "128px",
          "scale400": "10px",
          "scale4800": "192px",
          "scale500": "12px",
          "scale550": "14px",
          "scale600": "16px",
          "scale650": "18px",
          "scale700": "20px",
          "scale750": "22px",
          "scale800": "24px",
          "scale850": "28px",
          "scale900": "32px",
          "scale950": "36px",
        },
        "typography": Object {
          "DisplayLarge": Object {
            "fontFamily": "system-ui, \\"Helvetica Neue\\", Helvetica, Arial, sans-serif",
            "fontSize": "96px",
            "fontWeight": 700,
            "lineHeight": "112px",
          },
          "DisplayMedium": Object {
            "fontFamily": "system-ui, \\"Helvetica Neue\\", Helvetica, Arial, sans-serif",
            "fontSize": "52px",
            "fontWeight": 700,
            "lineHeight": "64px",
          },
          "DisplaySmall": Object {
            "fontFamily": "system-ui, \\"Helvetica Neue\\", Helvetica, Arial, sans-serif",
            "fontSize": "44px",
            "fontWeight": 700,
            "lineHeight": "52px",
          },
          "DisplayXSmall": Object {
            "fontFamily": "system-ui, \\"Helvetica Neue\\", Helvetica, Arial, sans-serif",
            "fontSize": "36px",
            "fontWeight": 700,
            "lineHeight": "44px",
          },
          "HeadingLarge": Object {
            "fontFamily": "system-ui, \\"Helvetica Neue\\", Helvetica, Arial, sans-serif",
            "fontSize": "32px",
            "fontWeight": 700,
            "lineHeight": "40px",
          },
          "HeadingMedium": Object {
            "fontFamily": "system-ui, \\"Helvetica Neue\\", Helvetica, Arial, sans-serif",
            "fontSize": "28px",
            "fontWeight": 700,
            "lineHeight": "36px",
          },
          "HeadingSmall": Object {
            "fontFamily": "system-ui, \\"Helvetica Neue\\", Helvetica, Arial, sans-serif",
            "fontSize": "24px",
            "fontWeight": 700,
            "lineHeight": "32px",
          },
          "HeadingXLarge": Object {
            "fontFamily": "system-ui, \\"Helvetica Neue\\", Helvetica, Arial, sans-serif",
            "fontSize": "36px",
            "fontWeight": 700,
            "lineHeight": "44px",
          },
          "HeadingXSmall": Object {
            "fontFamily": "system-ui, \\"Helvetica Neue\\", Helvetica, Arial, sans-serif",
            "fontSize": "20px",
            "fontWeight": 700,
            "lineHeight": "28px",
          },
          "HeadingXXLarge": Object {
            "fontFamily": "system-ui, \\"Helvetica Neue\\", Helvetica, Arial, sans-serif",
            "fontSize": "40px",
            "fontWeight": 700,
            "lineHeight": "52px",
          },
          "LabelLarge": Object {
            "fontFamily": "system-ui, \\"Helvetica Neue\\", Helvetica, Arial, sans-serif",
            "fontSize": "18px",
            "fontWeight": 500,
            "lineHeight": "24px",
          },
          "LabelMedium": Object {
            "fontFamily": "system-ui, \\"Helvetica Neue\\", Helvetica, Arial, sans-serif",
            "fontSize": "16px",
            "fontWeight": 500,
            "lineHeight": "20px",
          },
          "LabelSmall": Object {
            "fontFamily": "system-ui, \\"Helvetica Neue\\", Helvetica, Arial, sans-serif",
            "fontSize": "14px",
            "fontWeight": 500,
            "lineHeight": "16px",
          },
          "LabelXSmall": Object {
            "fontFamily": "system-ui, \\"Helvetica Neue\\", Helvetica, Arial, sans-serif",
            "fontSize": "12px",
            "fontWeight": 500,
            "lineHeight": "16px",
          },
          "MonoDisplayLarge": Object {
            "fontFamily": "\\"Lucida Console\\", Monaco, monospace",
            "fontSize": "96px",
            "fontWeight": 700,
            "lineHeight": "112px",
          },
          "MonoDisplayMedium": Object {
            "fontFamily": "\\"Lucida Console\\", Monaco, monospace",
            "fontSize": "52px",
            "fontWeight": 700,
            "lineHeight": "64px",
          },
          "MonoDisplaySmall": Object {
            "fontFamily": "\\"Lucida Console\\", Monaco, monospace",
            "fontSize": "44px",
            "fontWeight": 700,
            "lineHeight": "52px",
          },
          "MonoDisplayXSmall": Object {
            "fontFamily": "\\"Lucida Console\\", Monaco, monospace",
            "fontSize": "36px",
            "fontWeight": 700,
            "lineHeight": "44px",
          },
          "MonoHeadingLarge": Object {
            "fontFamily": "\\"Lucida Console\\", Monaco, monospace",
            "fontSize": "32px",
            "fontWeight": 700,
            "lineHeight": "40px",
          },
          "MonoHeadingMedium": Object {
            "fontFamily": "\\"Lucida Console\\", Monaco, monospace",
            "fontSize": "28px",
            "fontWeight": 700,
            "lineHeight": "36px",
          },
          "MonoHeadingSmall": Object {
            "fontFamily": "\\"Lucida Console\\", Monaco, monospace",
            "fontSize": "24px",
            "fontWeight": 700,
            "lineHeight": "32px",
          },
          "MonoHeadingXLarge": Object {
            "fontFamily": "\\"Lucida Console\\", Monaco, monospace",
            "fontSize": "36px",
            "fontWeight": 700,
            "lineHeight": "44px",
          },
          "MonoHeadingXSmall": Object {
            "fontFamily": "\\"Lucida Console\\", Monaco, monospace",
            "fontSize": "20px",
            "fontWeight": 700,
            "lineHeight": "28px",
          },
          "MonoHeadingXXLarge": Object {
            "fontFamily": "\\"Lucida Console\\", Monaco, monospace",
            "fontSize": "40px",
            "fontWeight": 700,
            "lineHeight": "52px",
          },
          "MonoLabelLarge": Object {
            "fontFamily": "\\"Lucida Console\\", Monaco, monospace",
            "fontSize": "18px",
            "fontWeight": 500,
            "lineHeight": "24px",
          },
          "MonoLabelMedium": Object {
            "fontFamily": "\\"Lucida Console\\", Monaco, monospace",
            "fontSize": "16px",
            "fontWeight": 500,
            "lineHeight": "20px",
          },
          "MonoLabelSmall": Object {
            "fontFamily": "\\"Lucida Console\\", Monaco, monospace",
            "fontSize": "14px",
            "fontWeight": 500,
            "lineHeight": "16px",
          },
          "MonoLabelXSmall": Object {
            "fontFamily": "\\"Lucida Console\\", Monaco, monospace",
            "fontSize": "12px",
            "fontWeight": 500,
            "lineHeight": "16px",
          },
          "MonoParagraphLarge": Object {
            "fontFamily": "\\"Lucida Console\\", Monaco, monospace",
            "fontSize": "18px",
            "fontWeight": "normal",
            "lineHeight": "28px",
          },
          "MonoParagraphMedium": Object {
            "fontFamily": "\\"Lucida Console\\", Monaco, monospace",
            "fontSize": "16px",
            "fontWeight": "normal",
            "lineHeight": "24px",
          },
          "MonoParagraphSmall": Object {
            "fontFamily": "\\"Lucida Console\\", Monaco, monospace",
            "fontSize": "14px",
            "fontWeight": "normal",
            "lineHeight": "20px",
          },
          "MonoParagraphXSmall": Object {
            "fontFamily": "\\"Lucida Console\\", Monaco, monospace",
            "fontSize": "12px",
            "fontWeight": "normal",
            "lineHeight": "20px",
          },
          "ParagraphLarge": Object {
            "fontFamily": "system-ui, \\"Helvetica Neue\\", Helvetica, Arial, sans-serif",
            "fontSize": "18px",
            "fontWeight": "normal",
            "lineHeight": "28px",
          },
          "ParagraphMedium": Object {
            "fontFamily": "system-ui, \\"Helvetica Neue\\", Helvetica, Arial, sans-serif",
            "fontSize": "16px",
            "fontWeight": "normal",
            "lineHeight": "24px",
          },
          "ParagraphSmall": Object {
            "fontFamily": "system-ui, \\"Helvetica Neue\\", Helvetica, Arial, sans-serif",
            "fontSize": "14px",
            "fontWeight": "normal",
            "lineHeight": "20px",
          },
          "ParagraphXSmall": Object {
            "fontFamily": "system-ui, \\"Helvetica Neue\\", Helvetica, Arial, sans-serif",
            "fontSize": "12px",
            "fontWeight": "normal",
            "lineHeight": "20px",
          },
          "font100": Object {
            "fontFamily": "system-ui, \\"Helvetica Neue\\", Helvetica, Arial, sans-serif",
            "fontSize": "12px",
            "fontWeight": "normal",
            "lineHeight": "20px",
          },
          "font1050": Object {
            "fontFamily": "system-ui, \\"Helvetica Neue\\", Helvetica, Arial, sans-serif",
            "fontSize": "40px",
            "fontWeight": 700,
            "lineHeight": "52px",
          },
          "font1150": Object {
            "fontFamily": "system-ui, \\"Helvetica Neue\\", Helvetica, Arial, sans-serif",
            "fontSize": "36px",
            "fontWeight": 700,
            "lineHeight": "44px",
          },
          "font1250": Object {
            "fontFamily": "system-ui, \\"Helvetica Neue\\", Helvetica, Arial, sans-serif",
            "fontSize": "44px",
            "fontWeight": 700,
            "lineHeight": "52px",
          },
          "font1350": Object {
            "fontFamily": "system-ui, \\"Helvetica Neue\\", Helvetica, Arial, sans-serif",
            "fontSize": "52px",
            "fontWeight": 700,
            "lineHeight": "64px",
          },
          "font1450": Object {
            "fontFamily": "system-ui, \\"Helvetica Neue\\", Helvetica, Arial, sans-serif",
            "fontSize": "96px",
            "fontWeight": 700,
            "lineHeight": "112px",
          },
          "font150": Object {
            "fontFamily": "system-ui, \\"Helvetica Neue\\", Helvetica, Arial, sans-serif",
            "fontSize": "12px",
            "fontWeight": 500,
            "lineHeight": "16px",
          },
          "font200": Object {
            "fontFamily": "system-ui, \\"Helvetica Neue\\", Helvetica, Arial, sans-serif",
            "fontSize": "14px",
            "fontWeight": "normal",
            "lineHeight": "20px",
          },
          "font250": Object {
            "fontFamily": "system-ui, \\"Helvetica Neue\\", Helvetica, Arial, sans-serif",
            "fontSize": "14px",
            "fontWeight": 500,
            "lineHeight": "16px",
          },
          "font300": Object {
            "fontFamily": "system-ui, \\"Helvetica Neue\\", Helvetica, Arial, sans-serif",
            "fontSize": "16px",
            "fontWeight": "normal",
            "lineHeight": "24px",
          },
          "font350": Object {
            "fontFamily": "system-ui, \\"Helvetica Neue\\", Helvetica, Arial, sans-serif",
            "fontSize": "16px",
            "fontWeight": 500,
            "lineHeight": "20px",
          },
          "font400": Object {
            "fontFamily": "system-ui, \\"Helvetica Neue\\", Helvetica, Arial, sans-serif",
            "fontSize": "18px",
            "fontWeight": "normal",
            "lineHeight": "28px",
          },
          "font450": Object {
            "fontFamily": "system-ui, \\"Helvetica Neue\\", Helvetica, Arial, sans-serif",
            "fontSize": "18px",
            "fontWeight": 500,
            "lineHeight": "24px",
          },
          "font550": Object {
            "fontFamily": "system-ui, \\"Helvetica Neue\\", Helvetica, Arial, sans-serif",
            "fontSize": "20px",
            "fontWeight": 700,
            "lineHeight": "28px",
          },
          "font650": Object {
            "fontFamily": "system-ui, \\"Helvetica Neue\\", Helvetica, Arial, sans-serif",
            "fontSize": "24px",
            "fontWeight": 700,
            "lineHeight": "32px",
          },
          "font750": Object {
            "fontFamily": "system-ui, \\"Helvetica Neue\\", Helvetica, Arial, sans-serif",
            "fontSize": "28px",
            "fontWeight": 700,
            "lineHeight": "36px",
          },
          "font850": Object {
            "fontFamily": "system-ui, \\"Helvetica Neue\\", Helvetica, Arial, sans-serif",
            "fontSize": "32px",
            "fontWeight": 700,
            "lineHeight": "40px",
          },
          "font950": Object {
            "fontFamily": "system-ui, \\"Helvetica Neue\\", Helvetica, Arial, sans-serif",
            "fontSize": "36px",
            "fontWeight": 700,
            "lineHeight": "44px",
          },
        },
        "zIndex": Object {
          "modal": 2000,
        },
      }
    }
  >
    <BrowserRouter>
      <Helmet
        defaultTitle="Silkroad"
        defer={true}
        encodeSpecialCharacters={true}
        htmlAttributes={
          Object {
            "lang": undefined,
          }
        }
        prioritizeSeoTags={false}
        titleTemplate="Silkroad - %s"
      >
        <meta
          content="Silkroad"
          name="description"
        />
      </Helmet>
      <Header />
      <Routes>
        <Route
          element={<Unknown />}
          path="/"
        />
        <Route
          element={<Unknown />}
          path="/detail/:query"
        />
        <Route
          element={<Unknown />}
          path="*"
        />
      </Routes>
      <Memo(l) />
    </BrowserRouter>
  </ThemeProvider>
</Context.Provider>
`;
